core_cm7.h:1885:22:__NVIC_EnableIRQ	16	static
fsl_clock.h:973:20:CLOCK_ControlGate	32	static
fsl_clock.h:990:20:CLOCK_EnableClock	16	static
fsl_clock.h:1000:20:CLOCK_DisableClock	16	static
fsl_common.h:380:28:EnableIRQ	16	static
fsl_lpuart.h:275:20:LPUART_SoftwareReset	16	static
fsl_lpuart.c:103:10:LPUART_GetInstance	24	static
fsl_lpuart.c:121:8:LPUART_TransferGetRxRingBufferLength	24	static
fsl_lpuart.c:139:13:LPUART_TransferIsRxRingBufferFull	24	static
fsl_lpuart.c:156:13:LPUART_WriteNonBlocking	32	static
fsl_lpuart.c:170:13:LPUART_ReadNonBlocking	40	static
fsl_lpuart.c:200:10:LPUART_Init	56	static
fsl_lpuart.c:409:6:LPUART_Deinit	24	static
fsl_lpuart.c:454:6:LPUART_GetDefaultConfig	16	static
fsl_lpuart.c:481:10:LPUART_SetBaudRate	56	static
fsl_lpuart.c:566:6:LPUART_EnableInterrupts	16	static
fsl_lpuart.c:577:6:LPUART_DisableInterrupts	16	static
fsl_lpuart.c:588:10:LPUART_GetEnabledInterrupts	24	static
fsl_lpuart.c:600:10:LPUART_GetStatusFlags	24	static
fsl_lpuart.c:612:10:LPUART_ClearStatusFlags	24	static
fsl_lpuart.c:653:6:LPUART_WriteBlocking	24	static
fsl_lpuart.c:668:10:LPUART_ReadBlocking	40	static
fsl_lpuart.c:730:6:LPUART_TransferCreateHandle	40	static
fsl_lpuart.c:777:6:LPUART_TransferStartRingBuffer	24	static
fsl_lpuart.c:795:6:LPUART_TransferStopRingBuffer	16	static
fsl_lpuart.c:810:10:LPUART_TransferSendNonBlocking	32	static
fsl_lpuart.c:840:6:LPUART_TransferAbortSend	16	static
fsl_lpuart.c:850:10:LPUART_TransferGetSendCount	24	static
fsl_lpuart.c:865:10:LPUART_TransferReceiveNonBlocking	56	static
fsl_lpuart.c:981:6:LPUART_TransferAbortReceive	16	static
fsl_lpuart.c:997:10:LPUART_TransferGetReceiveCount	24	static
fsl_lpuart.c:1012:6:LPUART_TransferHandleIRQ	32	static
fsl_lpuart.c:1218:6:LPUART_TransferHandleErrorIRQ	16	static
fsl_lpuart.c:1359:6:LPUART1_DriverIRQHandler	8	static
fsl_lpuart.c:1393:6:LPUART2_DriverIRQHandler	8	static
fsl_lpuart.c:1426:6:LPUART3_DriverIRQHandler	8	static
fsl_lpuart.c:1459:6:LPUART4_DriverIRQHandler	8	static
fsl_lpuart.c:1492:6:LPUART5_DriverIRQHandler	8	static
fsl_lpuart.c:1525:6:LPUART6_DriverIRQHandler	8	static
fsl_lpuart.c:1558:6:LPUART7_DriverIRQHandler	8	static
fsl_lpuart.c:1591:6:LPUART8_DriverIRQHandler	8	static
