fsl_clock.h:1025:24:CLOCK_GetOscFreq	4	static
fsl_clock.h:1124:24:CLOCK_GetRtcFreq	4	static
fsl_clock.h:1229:20:CLOCK_IsPllBypassed	16	static
fsl_clock.h:1243:20:CLOCK_IsPllEnabled	16	static
fsl_clock.h:1269:24:CLOCK_GetPllBypassRefClk	16	static
fsl_clock.c:70:17:CLOCK_GetPeriphClkFreq	16	static
fsl_clock.c:150:6:CLOCK_InitExternalClk	16	static
fsl_clock.c:174:6:CLOCK_DeinitExternalClk	4	static
fsl_clock.c:186:6:CLOCK_SwitchOsc	16	static
fsl_clock.c:197:6:CLOCK_InitRcOsc24M	4	static
fsl_clock.c:205:6:CLOCK_DeinitRcOsc24M	4	static
fsl_clock.c:215:10:CLOCK_GetAhbFreq	8	static
fsl_clock.c:225:10:CLOCK_GetSemcFreq	16	static
fsl_clock.c:259:10:CLOCK_GetIpgFreq	8	static
fsl_clock.c:269:10:CLOCK_GetPerClkFreq	16	static
fsl_clock.c:298:10:CLOCK_GetFreq	24	static
fsl_clock.c:397:6:CLOCK_EnableUsbhs0Clock	24	static
fsl_clock.c:422:6:CLOCK_EnableUsbhs1Clock	24	static
fsl_clock.c:445:6:CLOCK_EnableUsbhs0PhyPllClock	24	static
fsl_clock.c:469:6:CLOCK_DisableUsbhs0PhyPllClock	4	static
fsl_clock.c:482:6:CLOCK_InitArmPll	16	static
fsl_clock.c:503:6:CLOCK_DeinitArmPll	4	static
fsl_clock.c:515:6:CLOCK_InitSysPll	16	static
fsl_clock.c:536:6:CLOCK_DeinitSysPll	4	static
fsl_clock.c:548:6:CLOCK_InitUsb1Pll	16	static
fsl_clock.c:569:6:CLOCK_DeinitUsb1Pll	4	static
fsl_clock.c:581:6:CLOCK_InitUsb2Pll	16	static
fsl_clock.c:602:6:CLOCK_DeinitUsb2Pll	4	static
fsl_clock.c:614:6:CLOCK_InitAudioPll	24	static
fsl_clock.c:689:6:CLOCK_DeinitAudioPll	4	static
fsl_clock.c:701:6:CLOCK_InitVideoPll	24	static
fsl_clock.c:775:6:CLOCK_DeinitVideoPll	4	static
fsl_clock.c:787:6:CLOCK_InitEnetPll	24	static
fsl_clock.c:828:6:CLOCK_DeinitEnetPll	4	static
fsl_clock.c:841:10:CLOCK_GetPllFreq	56	static
fsl_clock.c:1044:6:CLOCK_InitSysPfd	24	static
fsl_clock.c:1066:6:CLOCK_DeinitSysPfd	16	static
fsl_clock.c:1081:6:CLOCK_InitUsb1Pfd	24	static
fsl_clock.c:1103:6:CLOCK_DeinitUsb1Pfd	16	static
fsl_clock.c:1116:10:CLOCK_GetSysPfdFreq	24	static
fsl_clock.c:1155:10:CLOCK_GetUsb1PfdFreq	24	static
fsl_clock.c:1195:6:CLOCK_EnableUsbhs1PhyPllClock	24	static
fsl_clock.c:1213:6:CLOCK_DisableUsbhs1PhyPllClock	4	static
