fsl_clock.h:973:20:CLOCK_ControlGate	32	static
fsl_clock.h:990:20:CLOCK_EnableClock	16	static
fsl_iomuxc.h:1264:20:IOMUXC_SetPinMux	24	static
fsl_iomuxc.h:1296:20:IOMUXC_SetPinConfig	24	static
pin_mux.c:32:6:BOARD_InitBootPins	8	static
pin_mux.c:54:6:BOARD_InitPins	24	static
pin_mux.c:127:6:BOARD_InitDEBUG_UARTPins	16	static
pin_mux.c:213:6:BOARD_InitSDRAMPins	16	static
pin_mux.c:370:6:BOARD_InitCSIPins	16	static
pin_mux.c:481:6:BOARD_InitLCDPins	16	static
pin_mux.c:787:6:BOARD_InitCANPins	16	static
pin_mux.c:823:6:BOARD_InitENETPins	16	static
pin_mux.c:880:6:BOARD_InitUSDHCPins	16	static
pin_mux.c:928:6:BOARD_InitQSPIPins	16	static
